I'm sorry, but errors were detected in your script. Please correct the
errors listed below, and try again.


File "game/scripts/easterEggs.rpy", line 62: invalid syntax
                popup("Unlocked item: Neo armstrong")
                     ^
    

Ren'Py Version: Ren'Py 6.99.13.2919
